main.c:116:5:main	56	static
main.c:222:6:SystemClock_Config	176	static
main.c:276:13:MX_I2C1_Init	8	static
main.c:310:13:MX_RTC_Init	32	static
main.c:372:13:MX_TIM2_Init	32	static
main.c:419:13:MX_UART4_Init	8	static
main.c:452:13:MX_UART5_Init	8	static
main.c:485:13:MX_UART7_Init	8	static
main.c:518:13:MX_UART8_Init	8	static
main.c:551:13:MX_UART9_Init	8	static
main.c:584:13:MX_USART2_UART_Init	8	static
main.c:618:13:MX_USART3_UART_Init	8	static
main.c:649:13:MX_DMA_Init	16	static
main.c:667:13:MX_GPIO_Init	48	static
main.c:692:9:Receive_Func	560	static
main.c:732:9:Transmit_Func	24	static
main.c:742:6:Get_Time_Format	128	static
main.c:767:6:Format_Data	368	static
main.c:809:6:HAL_TIM_PeriodElapsedCallback	760	static
main.c:831:6:Error_Handler	4	static,ignoring_inline_asm
