main.c:116:5:main	56	static
main.c:222:6:SystemClock_Config	176	static
main.c:276:13:MX_I2C1_Init	8	static
main.c:310:13:MX_RTC_Init	32	static
main.c:372:13:MX_TIM2_Init	32	static
main.c:418:13:MX_UART4_Init	8	static
main.c:451:13:MX_UART5_Init	8	static
main.c:484:13:MX_UART7_Init	8	static
main.c:517:13:MX_UART8_Init	8	static
main.c:550:13:MX_UART9_Init	8	static
main.c:583:13:MX_USART2_UART_Init	8	static
main.c:617:13:MX_USART3_UART_Init	8	static
main.c:648:13:MX_DMA_Init	16	static
main.c:666:13:MX_GPIO_Init	48	static
main.c:691:9:Receive_Func	560	static
main.c:731:9:Transmit_Func	24	static
main.c:741:6:Get_Time_Format	128	static
main.c:766:6:Format_Data	368	static
main.c:808:6:HAL_TIM_PeriodElapsedCallback	760	static
main.c:829:6:Error_Handler	4	static,ignoring_inline_asm
